Archive member included to satisfy reference by file (symbol)

c:/st/stm32cubeide_1.4.0/stm32cubeide/plugins/com.st.stm32cube.ide.mcu.externaltools.gnu-tools-for-stm32.7-2018-q2-update.win32_1.4.0.202007081208/tools/bin/../lib/gcc/arm-none-eabi/7.3.1/../../../../arm-none-eabi/lib/thumb/v7-m\libc_nano.a(lib_a-errno.o)
                              Src/syscalls.o (__errno)
c:/st/stm32cubeide_1.4.0/stm32cubeide/plugins/com.st.stm32cube.ide.mcu.externaltools.gnu-tools-for-stm32.7-2018-q2-update.win32_1.4.0.202007081208/tools/bin/../lib/gcc/arm-none-eabi/7.3.1/../../../../arm-none-eabi/lib/thumb/v7-m\libc_nano.a(lib_a-exit.o)
                              c:/st/stm32cubeide_1.4.0/stm32cubeide/plugins/com.st.stm32cube.ide.mcu.externaltools.gnu-tools-for-stm32.7-2018-q2-update.win32_1.4.0.202007081208/tools/bin/../lib/gcc/arm-none-eabi/7.3.1/../../../../arm-none-eabi/lib/thumb/v7-m/crt0.o (exit)
c:/st/stm32cubeide_1.4.0/stm32cubeide/plugins/com.st.stm32cube.ide.mcu.externaltools.gnu-tools-for-stm32.7-2018-q2-update.win32_1.4.0.202007081208/tools/bin/../lib/gcc/arm-none-eabi/7.3.1/../../../../arm-none-eabi/lib/thumb/v7-m\libc_nano.a(lib_a-impure.o)
                              c:/st/stm32cubeide_1.4.0/stm32cubeide/plugins/com.st.stm32cube.ide.mcu.externaltools.gnu-tools-for-stm32.7-2018-q2-update.win32_1.4.0.202007081208/tools/bin/../lib/gcc/arm-none-eabi/7.3.1/../../../../arm-none-eabi/lib/thumb/v7-m\libc_nano.a(lib_a-exit.o) (_global_impure_ptr)
c:/st/stm32cubeide_1.4.0/stm32cubeide/plugins/com.st.stm32cube.ide.mcu.externaltools.gnu-tools-for-stm32.7-2018-q2-update.win32_1.4.0.202007081208/tools/bin/../lib/gcc/arm-none-eabi/7.3.1/../../../../arm-none-eabi/lib/thumb/v7-m\libc_nano.a(lib_a-init.o)
                              c:/st/stm32cubeide_1.4.0/stm32cubeide/plugins/com.st.stm32cube.ide.mcu.externaltools.gnu-tools-for-stm32.7-2018-q2-update.win32_1.4.0.202007081208/tools/bin/../lib/gcc/arm-none-eabi/7.3.1/../../../../arm-none-eabi/lib/thumb/v7-m/crt0.o (__libc_init_array)
c:/st/stm32cubeide_1.4.0/stm32cubeide/plugins/com.st.stm32cube.ide.mcu.externaltools.gnu-tools-for-stm32.7-2018-q2-update.win32_1.4.0.202007081208/tools/bin/../lib/gcc/arm-none-eabi/7.3.1/../../../../arm-none-eabi/lib/thumb/v7-m\libc_nano.a(lib_a-memset.o)
                              c:/st/stm32cubeide_1.4.0/stm32cubeide/plugins/com.st.stm32cube.ide.mcu.externaltools.gnu-tools-for-stm32.7-2018-q2-update.win32_1.4.0.202007081208/tools/bin/../lib/gcc/arm-none-eabi/7.3.1/../../../../arm-none-eabi/lib/thumb/v7-m/crt0.o (memset)

Allocating common symbols
Common symbol       size              file

Global_UART_Config  0x3c              STM32_F103C6_DRIVERS/STM32F103C6_USART_DRIVERS.o
GP_IRQ_CALLBACK     0x3c              STM32_F103C6_DRIVERS/EXTI_DRIVER.o
RFID_CARD_Enter     0x2               Src/main.o
RFID_CARD_EXIT      0x2               Src/main.o

Discarded input sections

 .text          0x0000000000000000        0x0 c:/st/stm32cubeide_1.4.0/stm32cubeide/plugins/com.st.stm32cube.ide.mcu.externaltools.gnu-tools-for-stm32.7-2018-q2-update.win32_1.4.0.202007081208/tools/bin/../lib/gcc/arm-none-eabi/7.3.1/thumb/v7-m/crti.o
 .data          0x0000000000000000        0x0 c:/st/stm32cubeide_1.4.0/stm32cubeide/plugins/com.st.stm32cube.ide.mcu.externaltools.gnu-tools-for-stm32.7-2018-q2-update.win32_1.4.0.202007081208/tools/bin/../lib/gcc/arm-none-eabi/7.3.1/thumb/v7-m/crti.o
 .bss           0x0000000000000000        0x0 c:/st/stm32cubeide_1.4.0/stm32cubeide/plugins/com.st.stm32cube.ide.mcu.externaltools.gnu-tools-for-stm32.7-2018-q2-update.win32_1.4.0.202007081208/tools/bin/../lib/gcc/arm-none-eabi/7.3.1/thumb/v7-m/crti.o
 .data          0x0000000000000000        0x4 c:/st/stm32cubeide_1.4.0/stm32cubeide/plugins/com.st.stm32cube.ide.mcu.externaltools.gnu-tools-for-stm32.7-2018-q2-update.win32_1.4.0.202007081208/tools/bin/../lib/gcc/arm-none-eabi/7.3.1/thumb/v7-m/crtbegin.o
 .text          0x0000000000000000       0x74 c:/st/stm32cubeide_1.4.0/stm32cubeide/plugins/com.st.stm32cube.ide.mcu.externaltools.gnu-tools-for-stm32.7-2018-q2-update.win32_1.4.0.202007081208/tools/bin/../lib/gcc/arm-none-eabi/7.3.1/../../../../arm-none-eabi/lib/thumb/v7-m/crt0.o
 .data          0x0000000000000000        0x0 c:/st/stm32cubeide_1.4.0/stm32cubeide/plugins/com.st.stm32cube.ide.mcu.externaltools.gnu-tools-for-stm32.7-2018-q2-update.win32_1.4.0.202007081208/tools/bin/../lib/gcc/arm-none-eabi/7.3.1/../../../../arm-none-eabi/lib/thumb/v7-m/crt0.o
 .bss           0x0000000000000000        0x0 c:/st/stm32cubeide_1.4.0/stm32cubeide/plugins/com.st.stm32cube.ide.mcu.externaltools.gnu-tools-for-stm32.7-2018-q2-update.win32_1.4.0.202007081208/tools/bin/../lib/gcc/arm-none-eabi/7.3.1/../../../../arm-none-eabi/lib/thumb/v7-m/crt0.o
[...]
Memory Configuration

Name             Origin             Length             Attributes
RAM              0x0000000020000000 0x0000000000002800 xrw
ROM              0x0000000008000000 0x0000000000008000 xr
*default*        0x0000000000000000 0xffffffffffffffff

Linker script and memory map

LOAD c:/st/stm32cubeide_1.4.0/stm32cubeide/plugins/com.st.stm32cube.ide.mcu.externaltools.gnu-tools-for-stm32.7-2018-q2-update.win32_1.4.0.202007081208/tools/bin/../lib/gcc/arm-none-eabi/7.3.1/thumb/v7-m/crti.o
LOAD c:/st/stm32cubeide_1.4.0/stm32cubeide/plugins/com.st.stm32cube.ide.mcu.externaltools.gnu-tools-for-stm32.7-2018-q2-update.win32_1.4.0.202007081208/tools/bin/../lib/gcc/arm-none-eabi/7.3.1/thumb/v7-m/crtbegin.o
LOAD c:/st/stm32cubeide_1.4.0/stm32cubeide/plugins/com.st.stm32cube.ide.mcu.externaltools.gnu-tools-for-stm32.7-2018-q2-update.win32_1.4.0.202007081208/tools/bin/../lib/gcc/arm-none-eabi/7.3.1/../../../../arm-none-eabi/lib/thumb/v7-m/crt0.o
LOAD HAL/Keypad/Keypad.o
LOAD HAL/LCD_DRIVER/lcd_me.o
LOAD HAL/Servo_Motor/Servo_Motor.o
LOAD STM32_F103C6_DRIVERS/EXTI_DRIVER.o
LOAD STM32_F103C6_DRIVERS/STM32F103C6_USART_DRIVERS.o
LOAD STM32_F103C6_DRIVERS/STM32_F103C6_GPIO_DRIVERS.o
LOAD STM32_F103C6_DRIVERS/STM32_F103C6_RCC_DRIVERS.o
LOAD STM32_F103C6_DRIVERS/STM32_F103C6_SPI__DRIVER.o
LOAD STM32_F103C6_DRIVERS/Timer.o
LOAD Src/main.o
LOAD Src/syscalls.o
LOAD Src/sysmem.o
LOAD Startup/startup_stm32f103c6tx.o
START GROUP
LOAD c:/st/stm32cubeide_1.4.0/stm32cubeide/plugins/com.st.stm32cube.ide.mcu.externaltools.gnu-tools-for-stm32.7-2018-q2-update.win32_1.4.0.202007081208/tools/bin/../lib/gcc/arm-none-eabi/7.3.1/../../../../arm-none-eabi/lib/thumb/v7-m\libc_nano.a
LOAD c:/st/stm32cubeide_1.4.0/stm32cubeide/plugins/com.st.stm32cube.ide.mcu.externaltools.gnu-tools-for-stm32.7-2018-q2-update.win32_1.4.0.202007081208/tools/bin/../lib/gcc/arm-none-eabi/7.3.1/../../../../arm-none-eabi/lib/thumb/v7-m\libm.a
END GROUP
START GROUP
LOAD c:/st/stm32cubeide_1.4.0/stm32cubeide/plugins/com.st.stm32cube.ide.mcu.externaltools.gnu-tools-for-stm32.7-2018-q2-update.win32_1.4.0.202007081208/tools/bin/../lib/gcc/arm-none-eabi/7.3.1/thumb/v7-m\libgcc.a
LOAD c:/st/stm32cubeide_1.4.0/stm32cubeide/plugins/com.st.stm32cube.ide.mcu.externaltools.gnu-tools-for-stm32.7-2018-q2-update.win32_1.4.0.202007081208/tools/bin/../lib/gcc/arm-none-eabi/7.3.1/../../../../arm-none-eabi/lib/thumb/v7-m\libg_nano.a
LOAD c:/st/stm32cubeide_1.4.0/stm32cubeide/plugins/com.st.stm32cube.ide.mcu.externaltools.gnu-tools-for-stm32.7-2018-q2-update.win32_1.4.0.202007081208/tools/bin/../lib/gcc/arm-none-eabi/7.3.1/../../../../arm-none-eabi/lib/thumb/v7-m\libc_nano.a
END GROUP
START GROUP
LOAD c:/st/stm32cubeide_1.4.0/stm32cubeide/plugins/com.st.stm32cube.ide.mcu.externaltools.gnu-tools-for-stm32.7-2018-q2-update.win32_1.4.0.202007081208/tools/bin/../lib/gcc/arm-none-eabi/7.3.1/thumb/v7-m\libgcc.a
LOAD c:/st/stm32cubeide_1.4.0/stm32cubeide/plugins/com.st.stm32cube.ide.mcu.externaltools.gnu-tools-for-stm32.7-2018-q2-update.win32_1.4.0.202007081208/tools/bin/../lib/gcc/arm-none-eabi/7.3.1/../../../../arm-none-eabi/lib/thumb/v7-m\libc_nano.a
LOAD c:/st/stm32cubeide_1.4.0/stm32cubeide/plugins/com.st.stm32cube.ide.mcu.externaltools.gnu-tools-for-stm32.7-2018-q2-update.win32_1.4.0.202007081208/tools/bin/../lib/gcc/arm-none-eabi/7.3.1/../../../../arm-none-eabi/lib/thumb/v7-m\libnosys.a
END GROUP
START GROUP
LOAD c:/st/stm32cubeide_1.4.0/stm32cubeide/plugins/com.st.stm32cube.ide.mcu.externaltools.gnu-tools-for-stm32.7-2018-q2-update.win32_1.4.0.202007081208/tools/bin/../lib/gcc/arm-none-eabi/7.3.1/thumb/v7-m\libgcc.a
LOAD c:/st/stm32cubeide_1.4.0/stm32cubeide/plugins/com.st.stm32cube.ide.mcu.externaltools.gnu-tools-for-stm32.7-2018-q2-update.win32_1.4.0.202007081208/tools/bin/../lib/gcc/arm-none-eabi/7.3.1/../../../../arm-none-eabi/lib/thumb/v7-m\libc_nano.a
LOAD c:/st/stm32cubeide_1.4.0/stm32cubeide/plugins/com.st.stm32cube.ide.mcu.externaltools.gnu-tools-for-stm32.7-2018-q2-update.win32_1.4.0.202007081208/tools/bin/../lib/gcc/arm-none-eabi/7.3.1/../../../../arm-none-eabi/lib/thumb/v7-m\libnosys.a
END GROUP
LOAD c:/st/stm32cubeide_1.4.0/stm32cubeide/plugins/com.st.stm32cube.ide.mcu.externaltools.gnu-tools-for-stm32.7-2018-q2-update.win32_1.4.0.202007081208/tools/bin/../lib/gcc/arm-none-eabi/7.3.1/thumb/v7-m/crtend.o
LOAD c:/st/stm32cubeide_1.4.0/stm32cubeide/plugins/com.st.stm32cube.ide.mcu.externaltools.gnu-tools-for-stm32.7-2018-q2-update.win32_1.4.0.202007081208/tools/bin/../lib/gcc/arm-none-eabi/7.3.1/thumb/v7-m/crtn.o
                0x0000000020002800                _estack = (ORIGIN (RAM) + LENGTH (RAM))
                0x0000000000000200                _Min_Heap_Size = 0x200
                0x0000000000000400                _Min_Stack_Size = 0x400

.isr_vector     0x0000000008000000      0x130
                0x0000000008000000                . = ALIGN (0x4)
 *(.isr_vector)
 .isr_vector    0x0000000008000000      0x130 Startup/startup_stm32f103c6tx.o
                0x0000000008000000                g_pfnVectors
                0x0000000008000130                . = ALIGN (0x4)

.text           0x0000000008000130     0x1908
                0x0000000008000130                . = ALIGN (0x4)
 *(.text)
 .text          0x0000000008000130       0x40 c:/st/stm32cubeide_1.4.0/stm32cubeide/plugins/com.st.stm32cube.ide.mcu.externaltools.gnu-tools-for-stm32.7-2018-q2-update.win32_1.4.0.202007081208/tools/bin/../lib/gcc/arm-none-eabi/7.3.1/thumb/v7-m/crtbegin.o
 *(.text*)
 .text.keypad_Init
                0x0000000008000170       0x9c HAL/Keypad/Keypad.o
                0x0000000008000170                keypad_Init
 .text.keypad_Read
                0x000000000800020c      0x118 HAL/Keypad/Keypad.o
                0x000000000800020c                keypad_Read
 .text.LCD_delay
                0x0000000008000324       0x3a HAL/LCD_DRIVER/lcd_me.o
 .text.LCD_kick
                0x000000000800035e       0x36 HAL/LCD_DRIVER/lcd_me.o
                0x000000000800035e                LCD_kick
 .text.LCD_init
                0x0000000008000394      0x10e HAL/LCD_DRIVER/lcd_me.o
                0x0000000008000394                LCD_init
 .text.LCD_sendchar
                0x00000000080004a2      0x152 HAL/LCD_DRIVER/lcd_me.o
                0x00000000080004a2                LCD_sendchar
 .text.LCD_sendstring
                0x00000000080005f4       0x30 HAL/LCD_DRIVER/lcd_me.o
                0x00000000080005f4                LCD_sendstring
 .text.LCDIsbusy
                0x0000000008000624       0x16 HAL/LCD_DRIVER/lcd_me.o
                0x0000000008000624                LCDIsbusy
 .text.LCD_clearscreen
                0x000000000800063a       0x20 HAL/LCD_DRIVER/lcd_me.o
                0x000000000800063a                LCD_clearscreen
 .text.LCD_returnhome
                0x000000000800065a       0x20 HAL/LCD_DRIVER/lcd_me.o
                0x000000000800065a                LCD_returnhome
 *fill*         0x000000000800067a        0x2 
 .text.LCD_gotoxy
                0x000000000800067c       0x74 HAL/LCD_DRIVER/lcd_me.o
                0x000000000800067c                LCD_gotoxy
 .text.Servo1_Entry_Gate_Init
                0x00000000080006f0       0x2c HAL/Servo_Motor/Servo_Motor.o
                0x00000000080006f0                Servo1_Entry_Gate_Init
 .text.Servo1_Entry_Gate
                0x000000000800071c       0x64 HAL/Servo_Motor/Servo_Motor.o
                0x000000000800071c                Servo1_Entry_Gate
 .text.Servo2_Exit_Gate_Init
                0x0000000008000780       0x2c HAL/Servo_Motor/Servo_Motor.o
                0x0000000008000780                Servo2_Exit_Gate_Init
 .text.Servo2_Exit_Gate
                0x00000000080007ac       0x64 HAL/Servo_Motor/Servo_Motor.o
                0x00000000080007ac                Servo2_Exit_Gate
 .text.EXTI0_IRQHandler
                0x0000000008000810       0x24 STM32_F103C6_DRIVERS/EXTI_DRIVER.o
                0x0000000008000810                EXTI0_IRQHandler
 .text.EXTI1_IRQHandler
                0x0000000008000834       0x24 STM32_F103C6_DRIVERS/EXTI_DRIVER.o
                0x0000000008000834                EXTI1_IRQHandler
 .text.EXTI2_IRQHandler
                0x0000000008000858       0x24 STM32_F103C6_DRIVERS/EXTI_DRIVER.o
                0x0000000008000858                EXTI2_IRQHandler
 .text.EXTI3_IRQHandler
                0x000000000800087c       0x24 STM32_F103C6_DRIVERS/EXTI_DRIVER.o
                0x000000000800087c                EXTI3_IRQHandler
 .text.EXTI4_IRQHandler
                0x00000000080008a0       0x24 STM32_F103C6_DRIVERS/EXTI_DRIVER.o
                0x00000000080008a0                EXTI4_IRQHandler
 .text.EXTI9_5_IRQHandler
                0x00000000080008c4       0xa8 STM32_F103C6_DRIVERS/EXTI_DRIVER.o
                0x00000000080008c4                EXTI9_5_IRQHandler
 .text.EXTI15_10_IRQHandler
                0x000000000800096c       0x1c STM32_F103C6_DRIVERS/EXTI_DRIVER.o
                0x000000000800096c                EXTI15_10_IRQHandler
 .text.MCAL_UART_INIT
                0x0000000008000988      0x1cc STM32_F103C6_DRIVERS/STM32F103C6_USART_DRIVERS.o
                0x0000000008000988                MCAL_UART_INIT
 .text.Which_UART
                0x0000000008000b54       0x44 STM32_F103C6_DRIVERS/STM32F103C6_USART_DRIVERS.o
 .text.MCAL_UART_SEND_DATA
                0x0000000008000b98       0x3e STM32_F103C6_DRIVERS/STM32F103C6_USART_DRIVERS.o
                0x0000000008000b98                MCAL_UART_SEND_DATA
 *fill*         0x0000000008000bd6        0x2 
 .text.MCAL_UART_RECEIVE_DATA
                0x0000000008000bd8       0x68 STM32_F103C6_DRIVERS/STM32F103C6_USART_DRIVERS.o
                0x0000000008000bd8                MCAL_UART_RECEIVE_DATA
 .text.MCAL_UART_GPIO_Set_Pins
                0x0000000008000c40      0x1c0 STM32_F103C6_DRIVERS/STM32F103C6_USART_DRIVERS.o
                0x0000000008000c40                MCAL_UART_GPIO_Set_Pins
 .text.USART1_IRQHandler
                0x0000000008000e00       0x14 STM32_F103C6_DRIVERS/STM32F103C6_USART_DRIVERS.o
                0x0000000008000e00                USART1_IRQHandler
 .text.USART2_IRQHandler
                0x0000000008000e14       0x14 STM32_F103C6_DRIVERS/STM32F103C6_USART_DRIVERS.o
                0x0000000008000e14                USART2_IRQHandler
 .text.USART3_IRQHandler
                0x0000000008000e28       0x14 STM32_F103C6_DRIVERS/STM32F103C6_USART_DRIVERS.o
                0x0000000008000e28                USART3_IRQHandler
 .text.Get_CRLH_Postion
                0x0000000008000e3c       0xc6 STM32_F103C6_DRIVERS/STM32_F103C6_GPIO_DRIVERS.o
                0x0000000008000e3c                Get_CRLH_Postion
 .text.MCAL_GPIO_Init
                0x0000000008000f02       0xf6 STM32_F103C6_DRIVERS/STM32_F103C6_GPIO_DRIVERS.o
                0x0000000008000f02                MCAL_GPIO_Init
 .text.MCAL_GPIO_Read_Pin
                0x0000000008000ff8       0x32 STM32_F103C6_DRIVERS/STM32_F103C6_GPIO_DRIVERS.o
                0x0000000008000ff8                MCAL_GPIO_Read_Pin
 .text.MCAL_GPIO_ReadPort
                0x000000000800102a       0x1e STM32_F103C6_DRIVERS/STM32_F103C6_GPIO_DRIVERS.o
                0x000000000800102a                MCAL_GPIO_ReadPort
 .text.MCAL_GPIO_WritePin
                0x0000000008001048       0x3c STM32_F103C6_DRIVERS/STM32_F103C6_GPIO_DRIVERS.o
                0x0000000008001048                MCAL_GPIO_WritePin
 .text.MCAL_GPIO_WritePort
                0x0000000008001084       0x1c STM32_F103C6_DRIVERS/STM32_F103C6_GPIO_DRIVERS.o
                0x0000000008001084                MCAL_GPIO_WritePort
 .text.MCAL_GPIO_WriteGroup
                0x00000000080010a0       0x3a STM32_F103C6_DRIVERS/STM32_F103C6_GPIO_DRIVERS.o
                0x00000000080010a0                MCAL_GPIO_WriteGroup
 .text.MCAL_GPIO_Toggle_pin
                0x00000000080010da       0x22 STM32_F103C6_DRIVERS/STM32_F103C6_GPIO_DRIVERS.o
                0x00000000080010da                MCAL_GPIO_Toggle_pin
 .text.MCAL_RCC_Get_SYS_CLKFreq
                0x00000000080010fc       0x40 STM32_F103C6_DRIVERS/STM32_F103C6_RCC_DRIVERS.o
                0x00000000080010fc                MCAL_RCC_Get_SYS_CLKFreq
 .text.MCAL_RCC_Get_HCLK_Freq
                0x000000000800113c       0x28 STM32_F103C6_DRIVERS/STM32_F103C6_RCC_DRIVERS.o
                0x000000000800113c                MCAL_RCC_Get_HCLK_Freq
 .text.MCAL_RCC_Get_PCLK1_Freq
                0x0000000008001164       0x28 STM32_F103C6_DRIVERS/STM32_F103C6_RCC_DRIVERS.o
                0x0000000008001164                MCAL_RCC_Get_PCLK1_Freq
 .text.MCAL_RCC_Get_PCLK2_Freq
                0x000000000800118c       0x28 STM32_F103C6_DRIVERS/STM32_F103C6_RCC_DRIVERS.o
                0x000000000800118c                MCAL_RCC_Get_PCLK2_Freq
 .text.Timer2_init
                0x00000000080011b4       0x50 STM32_F103C6_DRIVERS/Timer.o
                0x00000000080011b4                Timer2_init
 .text.dus      0x0000000008001204       0x28 STM32_F103C6_DRIVERS/Timer.o
                0x0000000008001204                dus
 .text.dms      0x000000000800122c       0x30 STM32_F103C6_DRIVERS/Timer.o
                0x000000000800122c                dms
 .text.main     0x000000000800125c      0x400 Src/main.o
                0x000000000800125c                main
 .text.RFID_CARD_Enter_CallBack
                0x000000000800165c       0x24 Src/main.o
                0x000000000800165c                RFID_CARD_Enter_CallBack
 .text.RFID_CARD_EXIT_CallBack
                0x0000000008001680       0x24 Src/main.o
                0x0000000008001680                RFID_CARD_EXIT_CallBack
 .text.LCD_Welcome
                0x00000000080016a4       0x4c Src/main.o
                0x00000000080016a4                LCD_Welcome
 .text.LCD_Display_Empty_Slots
                0x00000000080016f0       0x54 Src/main.o
                0x00000000080016f0                LCD_Display_Empty_Slots
 .text.LEDs_Init
                0x0000000008001744       0x40 Src/main.o
                0x0000000008001744                LEDs_Init
 .text.PIRs_Iint
                0x0000000008001784       0x4c Src/main.o
                0x0000000008001784                PIRs_Iint
 .text.Store_IDs_From_Admin
                0x00000000080017d0      0x1b4 Src/main.o
                0x00000000080017d0                Store_IDs_From_Admin
 .text.Reset_Handler
                0x0000000008001984       0x50 Startup/startup_stm32f103c6tx.o
                0x0000000008001984                Reset_Handler
 .text.Default_Handler
                0x00000000080019d4        0x2 Startup/startup_stm32f103c6tx.o
                0x00000000080019d4                TIM8_TRG_COM_IRQHandler
                0x00000000080019d4                TIM8_CC_IRQHandler
                0x00000000080019d4                DebugMon_Handler
                0x00000000080019d4                TIM1_CC_IRQHandler
                0x00000000080019d4                HardFault_Handler
                0x00000000080019d4                TIM6_IRQHandler
                0x00000000080019d4                SysTick_Handler
                0x00000000080019d4                PVD_IRQHandler
                0x00000000080019d4                SDIO_IRQHandler
                0x00000000080019d4                PendSV_Handler
                0x00000000080019d4                NMI_Handler
                0x00000000080019d4                USB_HP_CAN_TX_IRQHandler
                0x00000000080019d4                I2C2_EV_IRQHandler
                0x00000000080019d4                UsageFault_Handler
                0x00000000080019d4                ADC1_2_IRQHandler
                0x00000000080019d4                SPI1_IRQHandler
                0x00000000080019d4                CAN_SCE_IRQHandler
                0x00000000080019d4                TAMPER_IRQHandler
                0x00000000080019d4                TIM8_UP_IRQHandler
                0x00000000080019d4                DMA2_Channel2_IRQHandler
                0x00000000080019d4                DMA1_Channel4_IRQHandler
                0x00000000080019d4                RTC_IRQHandler
                0x00000000080019d4                DMA1_Channel7_IRQHandler
                0x00000000080019d4                UART5_IRQHandler
                0x00000000080019d4                ADC3_IRQHandler
                0x00000000080019d4                TIM4_IRQHandler
                0x00000000080019d4                CAN_RX1_IRQHandler
                0x00000000080019d4                DMA2_Channel1_IRQHandler
                0x00000000080019d4                I2C1_EV_IRQHandler
                0x00000000080019d4                DMA1_Channel6_IRQHandler
                0x00000000080019d4                UART4_IRQHandler
                0x00000000080019d4                TIM3_IRQHandler
                0x00000000080019d4                RCC_IRQHandler
                0x00000000080019d4                TIM1_TRG_COM_IRQHandler
                0x00000000080019d4                DMA1_Channel1_IRQHandler
                0x00000000080019d4                Default_Handler
                0x00000000080019d4                TIM7_IRQHandler
                0x00000000080019d4                TIM5_IRQHandler
                0x00000000080019d4                SPI2_IRQHandler
                0x00000000080019d4                USB_LP_CAN_RX0_IRQHandler
                0x00000000080019d4                MemManage_Handler
                0x00000000080019d4                SVC_Handler
                0x00000000080019d4                DMA1_Channel5_IRQHandler
                0x00000000080019d4                DMA1_Channel3_IRQHandler
                0x00000000080019d4                FSMC_IRQHandler
                0x00000000080019d4                TIM1_UP_IRQHandler
                0x00000000080019d4                WWDG_IRQHandler
                0x00000000080019d4                TIM2_IRQHandler
                0x00000000080019d4                TIM1_BRK_IRQHandler
                0x00000000080019d4                RTCAlarm_IRQHandler
                0x00000000080019d4                DMA2_Channel4_5_IRQHandler
                0x00000000080019d4                I2C2_ER_IRQHandler
                0x00000000080019d4                DMA1_Channel2_IRQHandler
                0x00000000080019d4                TIM8_BRK_IRQHandler
                0x00000000080019d4                FLASH_IRQHandler
                0x00000000080019d4                BusFault_Handler
                0x00000000080019d4                SPI3_IRQHandler
                0x00000000080019d4                I2C1_ER_IRQHandler
                0x00000000080019d4                DMA2_Channel3_IRQHandler
 *fill*         0x00000000080019d6        0x2 
 .text.__libc_init_array
                0x00000000080019d8       0x48 c:/st/stm32cubeide_1.4.0/stm32cubeide/plugins/com.st.stm32cube.ide.mcu.externaltools.gnu-tools-for-stm32.7-2018-q2-update.win32_1.4.0.202007081208/tools/bin/../lib/gcc/arm-none-eabi/7.3.1/../../../../arm-none-eabi/lib/thumb/v7-m\libc_nano.a(lib_a-init.o)
                0x00000000080019d8                __libc_init_array
 *(.glue_7)
 .glue_7        0x0000000008001a20        0x0 linker stubs
 *(.glue_7t)
 .glue_7t       0x0000000008001a20        0x0 linker stubs
 *(.eh_frame)
 .eh_frame      0x0000000008001a20        0x0 c:/st/stm32cubeide_1.4.0/stm32cubeide/plugins/com.st.stm32cube.ide.mcu.externaltools.gnu-tools-for-stm32.7-2018-q2-update.win32_1.4.0.202007081208/tools/bin/../lib/gcc/arm-none-eabi/7.3.1/thumb/v7-m/crtbegin.o
 *(.init)
 .init          0x0000000008001a20        0x4 c:/st/stm32cubeide_1.4.0/stm32cubeide/plugins/com.st.stm32cube.ide.mcu.externaltools.gnu-tools-for-stm32.7-2018-q2-update.win32_1.4.0.202007081208/tools/bin/../lib/gcc/arm-none-eabi/7.3.1/thumb/v7-m/crti.o
                0x0000000008001a20                _init
 .init          0x0000000008001a24        0x8 c:/st/stm32cubeide_1.4.0/stm32cubeide/plugins/com.st.stm32cube.ide.mcu.externaltools.gnu-tools-for-stm32.7-2018-q2-update.win32_1.4.0.202007081208/tools/bin/../lib/gcc/arm-none-eabi/7.3.1/thumb/v7-m/crtn.o
 *(.fini)
 .fini          0x0000000008001a2c        0x4 c:/st/stm32cubeide_1.4.0/stm32cubeide/plugins/com.st.stm32cube.ide.mcu.externaltools.gnu-tools-for-stm32.7-2018-q2-update.win32_1.4.0.202007081208/tools/bin/../lib/gcc/arm-none-eabi/7.3.1/thumb/v7-m/crti.o
                0x0000000008001a2c                _fini
 .fini          0x0000000008001a30        0x8 c:/st/stm32cubeide_1.4.0/stm32cubeide/plugins/com.st.stm32cube.ide.mcu.externaltools.gnu-tools-for-stm32.7-2018-q2-update.win32_1.4.0.202007081208/tools/bin/../lib/gcc/arm-none-eabi/7.3.1/thumb/v7-m/crtn.o
                0x0000000008001a38                . = ALIGN (0x4)
                0x0000000008001a38                _etext = .

.vfp11_veneer   0x0000000008001a38        0x0
 .vfp11_veneer  0x0000000008001a38        0x0 linker stubs

.v4_bx          0x0000000008001a38        0x0
 .v4_bx         0x0000000008001a38        0x0 linker stubs

.iplt           0x0000000008001a38        0x0
 .iplt          0x0000000008001a38        0x0 c:/st/stm32cubeide_1.4.0/stm32cubeide/plugins/com.st.stm32cube.ide.mcu.externaltools.gnu-tools-for-stm32.7-2018-q2-update.win32_1.4.0.202007081208/tools/bin/../lib/gcc/arm-none-eabi/7.3.1/thumb/v7-m/crtbegin.o

.rodata         0x0000000008001a38      0x114
                0x0000000008001a38                . = ALIGN (0x4)
 *(.rodata)
 .rodata        0x0000000008001a38       0xfa Src/main.o
 *(.rodata*)
 *fill*         0x0000000008001b32        0x2 
 .rodata.APBPrescTable
                0x0000000008001b34        0x8 STM32_F103C6_DRIVERS/STM32_F103C6_RCC_DRIVERS.o
                0x0000000008001b34                APBPrescTable
 .rodata.AHBPrescTable
                0x0000000008001b3c       0x10 STM32_F103C6_DRIVERS/STM32_F103C6_RCC_DRIVERS.o
                0x0000000008001b3c                AHBPrescTable
                0x0000000008001b4c                . = ALIGN (0x4)

.rel.dyn        0x0000000008001b4c        0x0
 .rel.iplt      0x0000000008001b4c        0x0 c:/st/stm32cubeide_1.4.0/stm32cubeide/plugins/com.st.stm32cube.ide.mcu.externaltools.gnu-tools-for-stm32.7-2018-q2-update.win32_1.4.0.202007081208/tools/bin/../lib/gcc/arm-none-eabi/7.3.1/thumb/v7-m/crtbegin.o

.ARM.extab      0x0000000008001b4c        0x0
                0x0000000008001b4c                . = ALIGN (0x4)
 *(.ARM.extab* .gnu.linkonce.armextab.*)
                0x0000000008001b4c                . = ALIGN (0x4)

.ARM            0x0000000008001b4c        0x0
                0x0000000008001b4c                . = ALIGN (0x4)
                0x0000000008001b4c                __exidx_start = .
 *(.ARM.exidx*)
                0x0000000008001b4c                __exidx_end = .
                0x0000000008001b4c                . = ALIGN (0x4)

.preinit_array  0x0000000008001b4c        0x0
                0x0000000008001b4c                . = ALIGN (0x4)
                0x0000000008001b4c                PROVIDE (__preinit_array_start = .)
 *(.preinit_array*)
                0x0000000008001b4c                PROVIDE (__preinit_array_end = .)
                0x0000000008001b4c                . = ALIGN (0x4)

.init_array     0x0000000008001b4c        0x4
                0x0000000008001b4c                . = ALIGN (0x4)
                0x0000000008001b4c                PROVIDE (__init_array_start = .)
 *(SORT_BY_NAME(.init_array.*))
 *(.init_array*)
 .init_array    0x0000000008001b4c        0x4 c:/st/stm32cubeide_1.4.0/stm32cubeide/plugins/com.st.stm32cube.ide.mcu.externaltools.gnu-tools-for-stm32.7-2018-q2-update.win32_1.4.0.202007081208/tools/bin/../lib/gcc/arm-none-eabi/7.3.1/thumb/v7-m/crtbegin.o
                0x0000000008001b50                PROVIDE (__init_array_end = .)
                0x0000000008001b50                . = ALIGN (0x4)

.fini_array     0x0000000008001b50        0x4
                0x0000000008001b50                . = ALIGN (0x4)
                [!provide]                        PROVIDE (__fini_array_start = .)
 *(SORT_BY_NAME(.fini_array.*))
 *(.fini_array*)
 .fini_array    0x0000000008001b50        0x4 c:/st/stm32cubeide_1.4.0/stm32cubeide/plugins/com.st.stm32cube.ide.mcu.externaltools.gnu-tools-for-stm32.7-2018-q2-update.win32_1.4.0.202007081208/tools/bin/../lib/gcc/arm-none-eabi/7.3.1/thumb/v7-m/crtbegin.o
                [!provide]                        PROVIDE (__fini_array_end = .)
                0x0000000008001b54                . = ALIGN (0x4)
                0x0000000008001b54                _sidata = LOADADDR (.data)

.data           0x0000000020000000       0x2c load address 0x0000000008001b54
                0x0000000020000000                . = ALIGN (0x4)
                0x0000000020000000                _sdata = .
 *(.data)
 *(.data*)
 .data.Available_Slots
                0x0000000020000000        0x1 Src/main.o
                0x0000000020000000                Available_Slots
 *fill*         0x0000000020000001        0x3 
 .data.LCD      0x0000000020000004       0x14 Src/main.o
                0x0000000020000004                LCD
 .data.LCD2     0x0000000020000018       0x14 Src/main.o
                0x0000000020000018                LCD2
                0x000000002000002c                . = ALIGN (0x4)
                0x000000002000002c                _edata = .

.igot.plt       0x000000002000002c        0x0 load address 0x0000000008001b80
 .igot.plt      0x000000002000002c        0x0 c:/st/stm32cubeide_1.4.0/stm32cubeide/plugins/com.st.stm32cube.ide.mcu.externaltools.gnu-tools-for-stm32.7-2018-q2-update.win32_1.4.0.202007081208/tools/bin/../lib/gcc/arm-none-eabi/7.3.1/thumb/v7-m/crtbegin.o
                0x000000002000002c                . = ALIGN (0x4)

.bss            0x000000002000002c       0x9c load address 0x0000000008001b80
                0x000000002000002c                _sbss = .
                0x000000002000002c                __bss_start__ = _sbss
 *(.bss)
 .bss           0x000000002000002c       0x1c c:/st/stm32cubeide_1.4.0/stm32cubeide/plugins/com.st.stm32cube.ide.mcu.externaltools.gnu-tools-for-stm32.7-2018-q2-update.win32_1.4.0.202007081208/tools/bin/../lib/gcc/arm-none-eabi/7.3.1/thumb/v7-m/crtbegin.o
 *(.bss*)
 .bss.pass      0x0000000020000048        0x3 Src/main.o
                0x0000000020000048                pass
 .bss.Search_Done
                0x000000002000004b        0x1 Src/main.o
                0x000000002000004b                Search_Done
 *(COMMON)
 COMMON         0x000000002000004c       0x3c STM32_F103C6_DRIVERS/EXTI_DRIVER.o
                0x000000002000004c                GP_IRQ_CALLBACK
 COMMON         0x0000000020000088       0x3c STM32_F103C6_DRIVERS/STM32F103C6_USART_DRIVERS.o
                0x0000000020000088                Global_UART_Config
 COMMON         0x00000000200000c4        0x4 Src/main.o
                0x00000000200000c4                RFID_CARD_Enter
                0x00000000200000c6                RFID_CARD_EXIT
                0x00000000200000c8                . = ALIGN (0x4)
                0x00000000200000c8                _ebss = .
                0x00000000200000c8                __bss_end__ = _ebss

._user_heap_stack
                0x00000000200000c8      0x600 load address 0x0000000008001b80
                0x00000000200000c8                . = ALIGN (0x8)
                [!provide]                        PROVIDE (end = .)
                0x00000000200000c8                PROVIDE (_end = .)
                0x00000000200002c8                . = (. + _Min_Heap_Size)
 *fill*         0x00000000200000c8      0x200 
                0x00000000200006c8                . = (. + _Min_Stack_Size)
 *fill*         0x00000000200002c8      0x400 
                0x00000000200006c8                . = ALIGN (0x8)

/DISCARD/
 libc.a(*)
 libm.a(*)
 libgcc.a(*)

.ARM.attributes
                0x0000000000000000       0x29
 *(.ARM.attributes)
 .ARM.attributes
                0x0000000000000000       0x1d c:/st/stm32cubeide_1.4.0/stm32cubeide/plugins/com.st.stm32cube.ide.mcu.externaltools.gnu-tools-for-stm32.7-2018-q2-update.win32_1.4.0.202007081208/tools/bin/../lib/gcc/arm-none-eabi/7.3.1/thumb/v7-m/crti.o
 .ARM.attributes
                0x000000000000001d       0x2d c:/st/stm32cubeide_1.4.0/stm32cubeide/plugins/com.st.stm32cube.ide.mcu.externaltools.gnu-tools-for-stm32.7-2018-q2-update.win32_1.4.0.202007081208/tools/bin/../lib/gcc/arm-none-eabi/7.3.1/thumb/v7-m/crtbegin.o
 .ARM.attributes
                0x000000000000004a       0x33 HAL/Keypad/Keypad.o
 .ARM.attributes
                0x000000000000007d       0x33 HAL/LCD_DRIVER/lcd_me.o
 .ARM.attributes
                0x00000000000000b0       0x33 HAL/Servo_Motor/Servo_Motor.o
 .ARM.attributes
                0x00000000000000e3       0x33 STM32_F103C6_DRIVERS/EXTI_DRIVER.o
 .ARM.attributes
                0x0000000000000116       0x33 STM32_F103C6_DRIVERS/STM32F103C6_USART_DRIVERS.o
 .ARM.attributes
                0x0000000000000149       0x33 STM32_F103C6_DRIVERS/STM32_F103C6_GPIO_DRIVERS.o
 .ARM.attributes
                0x000000000000017c       0x33 STM32_F103C6_DRIVERS/STM32_F103C6_RCC_DRIVERS.o
 .ARM.attributes
                0x00000000000001af       0x33 STM32_F103C6_DRIVERS/Timer.o
 .ARM.attributes
                0x00000000000001e2       0x33 Src/main.o
 .ARM.attributes
                0x0000000000000215       0x21 Startup/startup_stm32f103c6tx.o
 .ARM.attributes
                0x0000000000000236       0x2d c:/st/stm32cubeide_1.4.0/stm32cubeide/plugins/com.st.stm32cube.ide.mcu.externaltools.gnu-tools-for-stm32.7-2018-q2-update.win32_1.4.0.202007081208/tools/bin/../lib/gcc/arm-none-eabi/7.3.1/../../../../arm-none-eabi/lib/thumb/v7-m\libc_nano.a(lib_a-init.o)
 .ARM.attributes
                0x0000000000000263       0x1d c:/st/stm32cubeide_1.4.0/stm32cubeide/plugins/com.st.stm32cube.ide.mcu.externaltools.gnu-tools-for-stm32.7-2018-q2-update.win32_1.4.0.202007081208/tools/bin/../lib/gcc/arm-none-eabi/7.3.1/thumb/v7-m/crtn.o
OUTPUT(ECU3Smart_CAR_Parking.elf elf32-littlearm)

.debug_info     0x0000000000000000     0x748e
 .debug_info    0x0000000000000000      0xab8 HAL/Keypad/Keypad.o
 .debug_info    0x0000000000000ab8      0xf69 HAL/LCD_DRIVER/lcd_me.o
 .debug_info    0x0000000000001a21      0xb31 HAL/Servo_Motor/Servo_Motor.o
 .debug_info    0x0000000000002552      0xdbf STM32_F103C6_DRIVERS/EXTI_DRIVER.o
 .debug_info    0x0000000000003311      0xe7d STM32_F103C6_DRIVERS/STM32F103C6_USART_DRIVERS.o
 .debug_info    0x000000000000418e      0xdb3 STM32_F103C6_DRIVERS/STM32_F103C6_GPIO_DRIVERS.o
 .debug_info    0x0000000000004f41      0xb25 STM32_F103C6_DRIVERS/STM32_F103C6_RCC_DRIVERS.o
 .debug_info    0x0000000000005a66      0xa06 STM32_F103C6_DRIVERS/Timer.o
 .debug_info    0x000000000000646c     0x1000 Src/main.o
 .debug_info    0x000000000000746c       0x22 Startup/startup_stm32f103c6tx.o

.debug_abbrev   0x0000000000000000     0x11ed
 .debug_abbrev  0x0000000000000000      0x197 HAL/Keypad/Keypad.o
 .debug_abbrev  0x0000000000000197      0x208 HAL/LCD_DRIVER/lcd_me.o
 .debug_abbrev  0x000000000000039f      0x1af HAL/Servo_Motor/Servo_Motor.o
 .debug_abbrev  0x000000000000054e      0x228 STM32_F103C6_DRIVERS/EXTI_DRIVER.o
 .debug_abbrev  0x0000000000000776      0x257 STM32_F103C6_DRIVERS/STM32F103C6_USART_DRIVERS.o
 .debug_abbrev  0x00000000000009cd      0x223 STM32_F103C6_DRIVERS/STM32_F103C6_GPIO_DRIVERS.o
 .debug_abbrev  0x0000000000000bf0      0x19b STM32_F103C6_DRIVERS/STM32_F103C6_RCC_DRIVERS.o
 .debug_abbrev  0x0000000000000d8b      0x1b9 STM32_F103C6_DRIVERS/Timer.o
 .debug_abbrev  0x0000000000000f44      0x297 Src/main.o
 .debug_abbrev  0x00000000000011db       0x12 Startup/startup_stm32f103c6tx.o

.debug_loc      0x0000000000000000     0x12ec
 .debug_loc     0x0000000000000000       0x7c HAL/Keypad/Keypad.o
 .debug_loc     0x000000000000007c      0x428 HAL/LCD_DRIVER/lcd_me.o
 .debug_loc     0x00000000000004a4      0x140 HAL/Servo_Motor/Servo_Motor.o
 .debug_loc     0x00000000000005e4      0x338 STM32_F103C6_DRIVERS/EXTI_DRIVER.o
 .debug_loc     0x000000000000091c      0x2d8 STM32_F103C6_DRIVERS/STM32F103C6_USART_DRIVERS.o
 .debug_loc     0x0000000000000bf4      0x38c STM32_F103C6_DRIVERS/STM32_F103C6_GPIO_DRIVERS.o
 .debug_loc     0x0000000000000f80       0xc8 STM32_F103C6_DRIVERS/STM32_F103C6_RCC_DRIVERS.o
 .debug_loc     0x0000000000001048       0xf0 STM32_F103C6_DRIVERS/Timer.o
 .debug_loc     0x0000000000001138      0x1b4 Src/main.o

.debug_aranges  0x0000000000000000      0x318
 .debug_aranges
                0x0000000000000000       0x28 HAL/Keypad/Keypad.o
 .debug_aranges
                0x0000000000000028       0x80 HAL/LCD_DRIVER/lcd_me.o
 .debug_aranges
                0x00000000000000a8       0x38 HAL/Servo_Motor/Servo_Motor.o
 .debug_aranges
                0x00000000000000e0       0x80 STM32_F103C6_DRIVERS/EXTI_DRIVER.o
 .debug_aranges
                0x0000000000000160       0x68 STM32_F103C6_DRIVERS/STM32F103C6_USART_DRIVERS.o
 .debug_aranges
                0x00000000000001c8       0x68 STM32_F103C6_DRIVERS/STM32_F103C6_GPIO_DRIVERS.o
 .debug_aranges
                0x0000000000000230       0x38 STM32_F103C6_DRIVERS/STM32_F103C6_RCC_DRIVERS.o
 .debug_aranges
                0x0000000000000268       0x30 STM32_F103C6_DRIVERS/Timer.o
 .debug_aranges
                0x0000000000000298       0x58 Src/main.o
 .debug_aranges
                0x00000000000002f0       0x28 Startup/startup_stm32f103c6tx.o

.debug_ranges   0x0000000000000000      0x280
 .debug_ranges  0x0000000000000000       0x18 HAL/Keypad/Keypad.o
 .debug_ranges  0x0000000000000018       0x70 HAL/LCD_DRIVER/lcd_me.o
 .debug_ranges  0x0000000000000088       0x28 HAL/Servo_Motor/Servo_Motor.o
 .debug_ranges  0x00000000000000b0       0x70 STM32_F103C6_DRIVERS/EXTI_DRIVER.o
 .debug_ranges  0x0000000000000120       0x58 STM32_F103C6_DRIVERS/STM32F103C6_USART_DRIVERS.o
 .debug_ranges  0x0000000000000178       0x58 STM32_F103C6_DRIVERS/STM32_F103C6_GPIO_DRIVERS.o
 .debug_ranges  0x00000000000001d0       0x28 STM32_F103C6_DRIVERS/STM32_F103C6_RCC_DRIVERS.o
 .debug_ranges  0x00000000000001f8       0x20 STM32_F103C6_DRIVERS/Timer.o
 .debug_ranges  0x0000000000000218       0x48 Src/main.o
 .debug_ranges  0x0000000000000260       0x20 Startup/startup_stm32f103c6tx.o

.debug_macro    0x0000000000000000     0x3081
 .debug_macro   0x0000000000000000      0x14d HAL/Keypad/Keypad.o
 .debug_macro   0x000000000000014d      0xa60 HAL/Keypad/Keypad.o
 .debug_macro   0x0000000000000bad       0x18 HAL/Keypad/Keypad.o
 .debug_macro   0x0000000000000bc5       0x22 HAL/Keypad/Keypad.o
 .debug_macro   0x0000000000000be7       0x40 HAL/Keypad/Keypad.o
 .debug_macro   0x0000000000000c27       0x94 HAL/Keypad/Keypad.o
 .debug_macro   0x0000000000000cbb       0x3c HAL/Keypad/Keypad.o
 .debug_macro   0x0000000000000cf7       0x34 HAL/Keypad/Keypad.o
 .debug_macro   0x0000000000000d2b       0x16 HAL/Keypad/Keypad.o
 .debug_macro   0x0000000000000d41      0x10e HAL/Keypad/Keypad.o
 .debug_macro   0x0000000000000e4f       0x8d HAL/Keypad/Keypad.o
 .debug_macro   0x0000000000000edc       0x57 HAL/Keypad/Keypad.o
 .debug_macro   0x0000000000000f33       0x52 HAL/Keypad/Keypad.o
 .debug_macro   0x0000000000000f85       0x1f HAL/Keypad/Keypad.o
 .debug_macro   0x0000000000000fa4       0x43 HAL/Keypad/Keypad.o
 .debug_macro   0x0000000000000fe7       0x20 HAL/Keypad/Keypad.o
 .debug_macro   0x0000000000001007      0x1a3 HAL/Keypad/Keypad.o
 .debug_macro   0x00000000000011aa      0x330 HAL/Keypad/Keypad.o
 .debug_macro   0x00000000000014da       0x16 HAL/Keypad/Keypad.o
 .debug_macro   0x00000000000014f0       0x29 HAL/Keypad/Keypad.o
 .debug_macro   0x0000000000001519       0xef HAL/Keypad/Keypad.o
 .debug_macro   0x0000000000001608       0x6a HAL/Keypad/Keypad.o
 .debug_macro   0x0000000000001672      0x1df HAL/Keypad/Keypad.o
 .debug_macro   0x0000000000001851      0x6aa HAL/Keypad/Keypad.o
 .debug_macro   0x0000000000001efb       0xd0 HAL/Keypad/Keypad.o
 .debug_macro   0x0000000000001fcb      0x191 HAL/LCD_DRIVER/lcd_me.o
 .debug_macro   0x000000000000215c       0x8e HAL/LCD_DRIVER/lcd_me.o
 .debug_macro   0x00000000000021ea       0x51 HAL/LCD_DRIVER/lcd_me.o
 .debug_macro   0x000000000000223b       0x46 HAL/LCD_DRIVER/lcd_me.o
 .debug_macro   0x0000000000002281      0x16c HAL/Servo_Motor/Servo_Motor.o
 .debug_macro   0x00000000000023ed       0x40 HAL/Servo_Motor/Servo_Motor.o
 .debug_macro   0x000000000000242d      0x158 STM32_F103C6_DRIVERS/EXTI_DRIVER.o
 .debug_macro   0x0000000000002585      0x223 STM32_F103C6_DRIVERS/EXTI_DRIVER.o
 .debug_macro   0x00000000000027a8      0x151 STM32_F103C6_DRIVERS/STM32F103C6_USART_DRIVERS.o
 .debug_macro   0x00000000000028f9       0xd6 STM32_F103C6_DRIVERS/STM32F103C6_USART_DRIVERS.o
 .debug_macro   0x00000000000029cf       0x10 STM32_F103C6_DRIVERS/STM32F103C6_USART_DRIVERS.o
 .debug_macro   0x00000000000029df       0xe2 STM32_F103C6_DRIVERS/STM32F103C6_USART_DRIVERS.o
 .debug_macro   0x0000000000002ac1      0x13f STM32_F103C6_DRIVERS/STM32_F103C6_GPIO_DRIVERS.o
 .debug_macro   0x0000000000002c00      0x153 STM32_F103C6_DRIVERS/STM32_F103C6_RCC_DRIVERS.o
 .debug_macro   0x0000000000002d53      0x148 STM32_F103C6_DRIVERS/Timer.o
 .debug_macro   0x0000000000002e9b      0x180 Src/main.o
 .debug_macro   0x000000000000301b       0x10 Src/main.o
 .debug_macro   0x000000000000302b       0x46 Src/main.o
 .debug_macro   0x0000000000003071       0x10 Src/main.o

.debug_line     0x0000000000000000     0x3bdd
 .debug_line    0x0000000000000000      0x5fb HAL/Keypad/Keypad.o
 .debug_line    0x00000000000005fb      0x74f HAL/LCD_DRIVER/lcd_me.o
 .debug_line    0x0000000000000d4a      0x5d1 HAL/Servo_Motor/Servo_Motor.o
 .debug_line    0x000000000000131b      0x707 STM32_F103C6_DRIVERS/EXTI_DRIVER.o
 .debug_line    0x0000000000001a22      0x733 STM32_F103C6_DRIVERS/STM32F103C6_USART_DRIVERS.o
 .debug_line    0x0000000000002155      0x69f STM32_F103C6_DRIVERS/STM32_F103C6_GPIO_DRIVERS.o
 .debug_line    0x00000000000027f4      0x5e6 STM32_F103C6_DRIVERS/STM32_F103C6_RCC_DRIVERS.o
 .debug_line    0x0000000000002dda      0x5bf STM32_F103C6_DRIVERS/Timer.o
 .debug_line    0x0000000000003399      0x7c0 Src/main.o
 .debug_line    0x0000000000003b59       0x84 Startup/startup_stm32f103c6tx.o

.debug_str      0x0000000000000000     0xbaf2
 .debug_str     0x0000000000000000     0x9312 HAL/Keypad/Keypad.o
                                       0x9573 (size before relaxing)
 .debug_str     0x0000000000009312      0x409 HAL/LCD_DRIVER/lcd_me.o
                                       0x995c (size before relaxing)
 .debug_str     0x000000000000971b      0x27c HAL/Servo_Motor/Servo_Motor.o
                                       0x97ae (size before relaxing)
 .debug_str     0x0000000000009997     0x154f STM32_F103C6_DRIVERS/EXTI_DRIVER.o
                                       0xaa87 (size before relaxing)
 .debug_str     0x000000000000aee6      0x8d2 STM32_F103C6_DRIVERS/STM32F103C6_USART_DRIVERS.o
                                       0x9e0e (size before relaxing)
 .debug_str     0x000000000000b7b8      0x147 STM32_F103C6_DRIVERS/STM32_F103C6_GPIO_DRIVERS.o
                                       0x96c7 (size before relaxing)
 .debug_str     0x000000000000b8ff       0xaf STM32_F103C6_DRIVERS/STM32_F103C6_RCC_DRIVERS.o
                                       0x95eb (size before relaxing)
 .debug_str     0x000000000000b9ae       0x2c STM32_F103C6_DRIVERS/Timer.o
                                       0x96b0 (size before relaxing)
 .debug_str     0x000000000000b9da       0xe7 Src/main.o
                                       0xa210 (size before relaxing)
 .debug_str     0x000000000000bac1       0x31 Startup/startup_stm32f103c6tx.o
                                         0x79 (size before relaxing)

.comment        0x0000000000000000       0x7b
 .comment       0x0000000000000000       0x7b HAL/Keypad/Keypad.o
                                         0x7c (size before relaxing)
 .comment       0x000000000000007b       0x7c HAL/LCD_DRIVER/lcd_me.o
 .comment       0x000000000000007b       0x7c HAL/Servo_Motor/Servo_Motor.o
 .comment       0x000000000000007b       0x7c STM32_F103C6_DRIVERS/EXTI_DRIVER.o
 .comment       0x000000000000007b       0x7c STM32_F103C6_DRIVERS/STM32F103C6_USART_DRIVERS.o
 .comment       0x000000000000007b       0x7c STM32_F103C6_DRIVERS/STM32_F103C6_GPIO_DRIVERS.o
 .comment       0x000000000000007b       0x7c STM32_F103C6_DRIVERS/STM32_F103C6_RCC_DRIVERS.o
 .comment       0x000000000000007b       0x7c STM32_F103C6_DRIVERS/Timer.o
 .comment       0x000000000000007b       0x7c Src/main.o

.debug_frame    0x0000000000000000      0x9d0
 .debug_frame   0x0000000000000000       0x50 HAL/Keypad/Keypad.o
 .debug_frame   0x0000000000000050      0x1ec HAL/LCD_DRIVER/lcd_me.o
 .debug_frame   0x000000000000023c       0xa0 HAL/Servo_Motor/Servo_Motor.o
 .debug_frame   0x00000000000002dc      0x1b4 STM32_F103C6_DRIVERS/EXTI_DRIVER.o
 .debug_frame   0x0000000000000490      0x170 STM32_F103C6_DRIVERS/STM32F103C6_USART_DRIVERS.o
 .debug_frame   0x0000000000000600      0x1a0 STM32_F103C6_DRIVERS/STM32_F103C6_GPIO_DRIVERS.o
 .debug_frame   0x00000000000007a0       0x84 STM32_F103C6_DRIVERS/STM32_F103C6_RCC_DRIVERS.o
 .debug_frame   0x0000000000000824       0x7c STM32_F103C6_DRIVERS/Timer.o
 .debug_frame   0x00000000000008a0      0x104 Src/main.o
 .debug_frame   0x00000000000009a4       0x2c c:/st/stm32cubeide_1.4.0/stm32cubeide/plugins/com.st.stm32cube.ide.mcu.externaltools.gnu-tools-for-stm32.7-2018-q2-update.win32_1.4.0.202007081208/tools/bin/../lib/gcc/arm-none-eabi/7.3.1/../../../../arm-none-eabi/lib/thumb/v7-m\libc_nano.a(lib_a-init.o)
